// Vitest Snapshot v1, https://vitest.dev/guide/snapshot.html

exports[`renders 1`] = `
<div
  class="mocked-styled-4 cxbg86i"
>
  <div
    class="mocked-styled-5 l4pu6bf"
  >
    <span
      style="display: inherit;"
    >
      <span
        style="background-color: white; width: 15px; height: 15px; margin: 2px; border-radius: 100%; display: inline-block; animation: react-spinners-PulseLoader-pulse 0.75s 0.12s infinite cubic-bezier(0.2, 0.68, 0.18, 1.08); animation-fill-mode: both;"
      />
      <span
        style="background-color: white; width: 15px; height: 15px; margin: 2px; border-radius: 100%; display: inline-block; animation: react-spinners-PulseLoader-pulse 0.75s 0.24s infinite cubic-bezier(0.2, 0.68, 0.18, 1.08); animation-fill-mode: both;"
      />
      <span
        style="background-color: white; width: 15px; height: 15px; margin: 2px; border-radius: 100%; display: inline-block; animation: react-spinners-PulseLoader-pulse 0.75s 0.36s infinite cubic-bezier(0.2, 0.68, 0.18, 1.08); animation-fill-mode: both;"
      />
    </span>
  </div>
</div>
`;
