// Vitest Snapshot v1, https://vitest.dev/guide/snapshot.html

exports[`renders 1`] = `
<div
  class="sc-fnqprR gzwBuQ"
>
  <div
    class="sc-ksRdGr imrvdL"
  >
    <div
      class="sc-eodsR gupmgE"
    />
    <div
      class="sc-hBhlLA gmuXiq"
    >
      <div
        class="sc-dkHyXG dSaJZK sc-brmqBe bwUVrv"
      >
        <svg
          fill="currentColor"
          height="1em"
          stroke="currentColor"
          stroke-width="0"
          viewBox="0 0 24 24"
          width="1em"
          xmlns="http://www.w3.org/2000/svg"
        >
          <path
            d="M0 0h24v24H0z"
            fill="none"
          />
          <path
            d="M10.09 15.59L11.5 17l5-5-5-5-1.41 1.41L12.67 11H3v2h9.67l-2.58 2.59zM19 3H5a2 2 0 00-2 2v4h2V5h14v14H5v-4H3v4a2 2 0 002 2h14c1.1 0 2-.9 2-2V5c0-1.1-.9-2-2-2z"
          />
        </svg>
      </div>
    </div>
  </div>
  <div
    class="sc-fFnglj ezIDIH"
  >
    <div
      class="sc-kDLnty eqjWeS"
    >
      <div
        class="sc-cseZMA bOXmMN"
      />
    </div>
    <div
      id="DndDescribedBy-0"
      style="display: none;"
    >
      
    To pick up a draggable item, press the space bar.
    While dragging, use the arrow keys to move the item.
    Press space again to drop the item in its new position, or press escape to cancel.
  
    </div>
    <div
      aria-atomic="true"
      aria-live="assertive"
      id="DndLiveRegion-0"
      role="status"
      style="position: fixed; width: 1px; height: 1px; margin: -1px; border: 0px; padding: 0px; overflow: hidden; clip-path: inset(100%); white-space: nowrap;"
    />
  </div>
  <div
    class="sc-bjvyHW cBXYOP"
  >
    <button
      aria-label="Toggle Tasks"
      class="sc-bcHOTY sc-gsMHZj fmkkak fayzeR"
    >
      <svg
        fill="currentColor"
        height="1em"
        stroke="currentColor"
        stroke-width="0"
        viewBox="0 0 448 512"
        width="1em"
        xmlns="http://www.w3.org/2000/svg"
      >
        <path
          d="M400 32H48C21.5 32 0 53.5 0 80v352c0 26.5 21.5 48 48 48h352c26.5 0 48-21.5 48-48V80c0-26.5-21.5-48-48-48zm-6 400H54c-3.3 0-6-2.7-6-6V86c0-3.3 2.7-6 6-6h340c3.3 0 6 2.7 6 6v340c0 3.3-2.7 6-6 6z"
        />
      </svg>
    </button>
    <button
      aria-label="Create"
      class="sc-bcHOTY sc-gsMHZj euRmZz fayzeR sc-idHovd eWWsMd"
    >
      <svg
        fill="currentColor"
        height="1em"
        stroke="currentColor"
        stroke-width="0"
        viewBox="0 0 24 24"
        width="1em"
        xmlns="http://www.w3.org/2000/svg"
      >
        <path
          d="M0 0h24v24H0z"
          fill="none"
        />
        <path
          d="M19 13h-6v6h-2v-6H5v-2h6V5h2v6h6v2z"
        />
      </svg>
    </button>
  </div>
</div>
`;
