// Vitest Snapshot v1, https://vitest.dev/guide/snapshot.html

exports[`renders 1`] = `
<div
  class="sc-gKcmaw iINgjV"
>
  <div
    class="sc-iCfLYb bClTbH"
  >
    <div
      class="sc-furvoW koKzkQ"
    />
  </div>
  <div
    class="sc-jrQyNv hKbFyV"
  >
    <button
      aria-label="Toggle Projects"
      class="sc-bdvuGq sc-gsDLol jPrSNB enJXvF"
    >
      <svg
        fill="currentColor"
        height="1em"
        stroke="currentColor"
        stroke-width="0"
        viewBox="0 0 24 24"
        width="1em"
        xmlns="http://www.w3.org/2000/svg"
      >
        <path
          d="M0 0h24v24H0z"
          fill="none"
        />
        <path
          d="M20.55 5.22l-1.39-1.68A1.51 1.51 0 0018 3H6c-.47 0-.88.21-1.15.55L3.46 5.22C3.17 5.57 3 6.01 3 6.5V19a2 2 0 002 2h14c1.1 0 2-.9 2-2V6.5c0-.49-.17-.93-.45-1.28zM12 9.5l5.5 5.5H14v2h-4v-2H6.5L12 9.5zM5.12 5l.82-1h12l.93 1H5.12z"
        />
      </svg>
    </button>
    <button
      aria-label="Create Project"
      class="sc-bdvuGq sc-gsDLol nounu enJXvF sc-kDTjaY imDgJH"
    >
      <svg
        fill="currentColor"
        height="1em"
        stroke="currentColor"
        stroke-width="0"
        viewBox="0 0 24 24"
        width="1em"
        xmlns="http://www.w3.org/2000/svg"
      >
        <path
          d="M0 0h24v24H0z"
          fill="none"
        />
        <path
          d="M19 13h-6v6h-2v-6H5v-2h6V5h2v6h6v2z"
        />
      </svg>
    </button>
  </div>
</div>
`;
