// Vitest Snapshot v1, https://vitest.dev/guide/snapshot.html

exports[`renders 1`] = `
<div
  class="mocked-styled-1 c1g0fyep"
>
  <div
    class="mocked-styled-2 n1wknujg"
    style="--n1wknujg-0: auto; --n1wknujg-1: #222;"
  />
  <div
    class="mocked-styled-3 b12yr94b"
  />
</div>
`;
