// Vitest Snapshot v1, https://vitest.dev/guide/snapshot.html

exports[`renders 1`] = `
<button
  class="sc-bdDqHD sc-gtcySc dgJduv ddkfak"
>
  Sign in
</button>
`;
