// Vitest Snapshot v1, https://vitest.dev/guide/snapshot.html

exports[`renders 1`] = `
<div
  class="_root_4736e6"
>
  <div
    class="_name_4736e6"
  />
  <div
    class="_buttons_4736e6"
  />
</div>
`;
