// Vitest Snapshot v1, https://vitest.dev/guide/snapshot.html

exports[`renders 1`] = `
<div
  aria-describedby=""
  aria-disabled="false"
  aria-roledescription="sortable"
  class="mocked-styled-1"
  role="button"
  tabindex="0"
>
  <div
    class="mocked-styled-2"
  >
    name
  </div>
  <div
    class="mocked-styled-3"
  >
    <div
      aria-label="Done"
      class="mocked-styled-0"
    >
      <svg
        fill="currentColor"
        height="1em"
        stroke="currentColor"
        stroke-width="0"
        viewBox="0 0 24 24"
        width="1em"
        xmlns="http://www.w3.org/2000/svg"
      >
        <path
          d="M0 0h24v24H0z"
          fill="none"
        />
        <path
          d="M9 16.17 4.83 12l-1.42 1.41L9 19 21 7l-1.41-1.41z"
        />
      </svg>
    </div>
    <div
      aria-label="Edit"
      class="mocked-styled-0"
    >
      <svg
        fill="currentColor"
        height="1em"
        stroke="currentColor"
        stroke-width="0"
        viewBox="0 0 24 24"
        width="1em"
        xmlns="http://www.w3.org/2000/svg"
      >
        <path
          d="M0 0h24v24H0z"
          fill="none"
        />
        <path
          d="M3 17.25V21h3.75L17.81 9.94l-3.75-3.75L3 17.25zM20.71 7.04a.996.996 0 0 0 0-1.41l-2.34-2.34a.996.996 0 0 0-1.41 0l-1.83 1.83 3.75 3.75 1.83-1.83z"
        />
      </svg>
    </div>
    <div
      class="mocked-css-1"
    >
      <svg
        fill="currentColor"
        height="1em"
        stroke="currentColor"
        stroke-width="0"
        viewBox="0 0 24 24"
        width="1em"
        xmlns="http://www.w3.org/2000/svg"
      >
        <path
          d="M0 0h24v24H0z"
          fill="none"
        />
        <path
          d="M20 9H4v2h16V9zM4 15h16v-2H4v2z"
        />
      </svg>
    </div>
  </div>
</div>
`;
