// Jest Snapshot v1, https://goo.gl/fbAQLP

exports[`renders 1`] = `
<div
  className="sc-bdVaJa hqwmVs"
>
  <div
    className="sc-bwzfXH cMgkiV"
    onClick={[Function]}
  >
    
  </div>
</div>
`;
