// Jest Snapshot v1, https://goo.gl/fbAQLP

exports[`renders 1`] = `
<div
  className="sc-hBEYos llLAof"
>
  <div
    className="sc-bqyKva bOzEvO"
  >
    <div
      className="sc-crrsfI gypmkP"
      onClick={[Function]}
    >
      
    </div>
    <div
      className="sc-kstrdz ckoRON"
    >
      <div
        className="sc-dlfnbm iBYbEH sc-dQppl dLerCC"
        onClick={[Function]}
      >
        <svg
          fill="currentColor"
          height="1em"
          stroke="currentColor"
          strokeWidth="0"
          style={
            Object {
              "color": undefined,
            }
          }
          viewBox="0 0 24 24"
          width="1em"
          xmlns="http://www.w3.org/2000/svg"
        >
          <path
            d="M10.09 15.59L11.5 17l5-5-5-5-1.41 1.41L12.67 11H3v2h9.67l-2.58 2.59zM19 3H5c-1.11 0-2 .9-2 2v4h2V5h14v14H5v-4H3v4c0 1.1.89 2 2 2h14c1.1 0 2-.9 2-2V5c0-1.1-.9-2-2-2z"
          />
        </svg>
      </div>
    </div>
  </div>
  <div
    className="sc-fodVxV jjgQrJ"
  >
    <div
      className="sc-jrAGrp eFwvmu"
    >
      <div
        className="sc-iqHYGH jPNra-D"
      />
    </div>
  </div>
  <div
    className="sc-fFubgz lcaFyF"
  >
    <button
      aria-label="Toggle Tasks"
      className="sc-bdfBwQ sc-gsTCUz dpkuhk kRFccQ"
      onClick={[Function]}
    >
      <svg
        fill="currentColor"
        height="1em"
        stroke="currentColor"
        strokeWidth="0"
        style={
          Object {
            "color": undefined,
          }
        }
        viewBox="0 0 448 512"
        width="1em"
        xmlns="http://www.w3.org/2000/svg"
      >
        <path
          d="M400 32H48C21.5 32 0 53.5 0 80v352c0 26.5 21.5 48 48 48h352c26.5 0 48-21.5 48-48V80c0-26.5-21.5-48-48-48zm-6 400H54c-3.3 0-6-2.7-6-6V86c0-3.3 2.7-6 6-6h340c3.3 0 6 2.7 6 6v340c0 3.3-2.7 6-6 6z"
        />
      </svg>
    </button>
    <button
      aria-label="Create"
      className="sc-bdfBwQ sc-gsTCUz iSfdKP kRFccQ sc-bkzZxe fZnZpe"
      onClick={[Function]}
    >
      <svg
        fill="currentColor"
        height="1em"
        stroke="currentColor"
        strokeWidth="0"
        style={
          Object {
            "color": undefined,
          }
        }
        viewBox="0 0 24 24"
        width="1em"
        xmlns="http://www.w3.org/2000/svg"
      >
        <path
          d="M19 13h-6v6h-2v-6H5v-2h6V5h2v6h6v2z"
        />
      </svg>
    </button>
  </div>
</div>
`;
