// Jest Snapshot v1, https://goo.gl/fbAQLP

exports[`renders 1`] = `
<div
  className="sc-bwzfXH iKmZFG"
>
  <div
    className="sc-htpNat QIOFt"
  >
    
  </div>
  <div
    className="sc-bxivhb dBZEqL"
  />
</div>
`;
