// Jest Snapshot v1, https://goo.gl/fbAQLP

exports[`renders 1`] = `
<button
  className="sc-bdfBQB sc-gsTEea eTilcL huREHC"
  onClick={[Function]}
>
  Sign in
</button>
`;
